<html>
<body>
<pre>
<h1>µVision Build Log</h1>
<h2>Tool Versions:</h2>
IDE-Version: µVision V5.37.0.0
Copyright (C) 2022 ARM Ltd and ARM Germany GmbH. All rights reserved.
License Information: Vamsi Krishna Vuyyuru, HP Inc., LIC=----
 
Tool Versions:
Toolchain:       MDK-Lite  Version: 5.37.0.0
Toolchain Path:  C:\Keil_v5\ARM\ARMCLANG\Bin
C Compiler:      ArmClang.exe V6.18
Assembler:       Armasm.exe V6.18
Linker/Locator:  ArmLink.exe V6.18
Library Manager: ArmAr.exe V6.18
Hex Converter:   FromElf.exe V6.18
CPU DLL:         SARMCM3.DLL V5.37.0.0
Dialog DLL:      DCM.DLL V1.17.5.0
Target DLL:      STLink\ST-LINKIII-KEIL_SWO.dll V3.0.9.0
Dialog DLL:      TCM.DLL V1.56.1.0
 
<h2>Project:</h2>
D:\stm32 keil projects\Robotic_Arm\NEMA_STM.uvprojx
Project File Date:  09/18/2023

<h2>Output:</h2>
*** Using Compiler 'V6.18', folder: 'C:\Keil_v5\ARM\ARMCLANG\Bin'
Build target 'Target 1'
main.c(3): warning: In file included from...
./Delay.h(13): warning: this function declaration is not a prototype [-Wstrict-prototypes]
void SysTick_Handler();
                    ^
                     void
main.c(40): warning: no previous extern declaration for non-static variable 'num_steps' [-Wmissing-variable-declarations]
 int num_steps = 50;
     ^
main.c(40): note: declare 'static' if the variable is not intended to be used outside of this translation unit
 int num_steps = 50;
 ^
main.c(63): warning: no previous prototype for function 'linear_interpolation' [-Wmissing-prototypes]
Point linear_interpolation(Point p1, Point p2, double t) {
      ^
main.c(63): note: declare 'static' if the function is not intended to be used outside of this translation unit
Point linear_interpolation(Point p1, Point p2, double t) {
^
static 
main.c(86): warning: mixing declarations and code is incompatible with standards before C99 [-Wdeclaration-after-statement]
        double r1,r2,r3;
               ^
main.c(135): warning: mixing declarations and code is incompatible with standards before C99 [-Wdeclaration-after-statement]
Point point_A = {previous[1], previous[2]};
      ^
main.c(136): warning: unused variable 'point_B' [-Wunused-variable]
Point point_B = {present[1], present[2]};
      ^
main.c(135): warning: unused variable 'point_A' [-Wunused-variable]
Point point_A = {previous[1], previous[2]};
      ^
main.c(192): warning: implicit conversion loses floating-point precision: 'double' to 'float' [-Wimplicit-float-conversion]
        float small_ang = 360/angle;
              ~~~~~~~~~   ~~~^~~~~~
main.c(193): warning: implicit conversion from 'int' to 'float' may lose precision [-Wimplicit-int-float-conversion]
        int value =(int)(total/small_ang) ;
                         ^~~~~~
main.c(205): warning: implicit conversion loses floating-point precision: 'double' to 'float' [-Wimplicit-float-conversion]
float small_ang = 360/angle;
      ~~~~~~~~~   ~~~^~~~~~
main.c(206): warning: implicit conversion from 'int' to 'float' may lose precision [-Wimplicit-int-float-conversion]
int value =(int)(total/small_ang);
                 ^~~~~~
main.c(218): warning: implicit conversion loses floating-point precision: 'double' to 'float' [-Wimplicit-float-conversion]
float small_ang = 360/angle;
      ~~~~~~~~~   ~~~^~~~~~
main.c(219): warning: implicit conversion from 'int' to 'float' may lose precision [-Wimplicit-int-float-conversion]
int value =(int)(total/small_ang);
                 ^~~~~~
main.c(313): warning: '/*' within block comment [-Wcomment]
/*
^
14 warnings generated.
compiling main.c...
linking...
Program Size: Code=9964 RO-data=524 RW-data=32 ZI-data=1768  
".\Objects\NEMA_STM.axf" - 0 Error(s), 14 Warning(s).

<h2>Software Packages used:</h2>

Package Vendor: ARM
                http://www.keil.com/pack/ARM.CMSIS.5.9.0.pack
                ARM.CMSIS.5.9.0
                CMSIS (Common Microcontroller Software Interface Standard)
   * Component: CORE Version: 5.6.0

Package Vendor: Keil
                http://www.keil.com/pack/Keil.STM32F1xx_DFP.2.4.0.pack
                Keil.STM32F1xx_DFP.2.4.0
                STMicroelectronics STM32F1 Series Device Support, Drivers and Examples
   * Component: Startup Version: 1.0.0
   * Component: Framework Version: 3.6.0
   * Component: GPIO Version: 3.6.0
   * Component: RCC Version: 3.6.0

<h2>Collection of Component include folders:</h2>
  ./RTE/Device/STM32F103C8
  ./RTE/_Target_1
  C:/Users/vamsi/AppData/Local/Arm/Packs/ARM/CMSIS/5.9.0/CMSIS/Core/Include
  C:/Users/vamsi/AppData/Local/Arm/Packs/Keil/STM32F1xx_DFP/2.4.0/Device/Include
  C:/Users/vamsi/AppData/Local/Arm/Packs/Keil/STM32F1xx_DFP/2.4.0/Device/StdPeriph_Driver/inc

<h2>Collection of Component Files used:</h2>

   * Component: ARM::CMSIS:CORE:5.6.0

   * Component: Keil::Device:Startup:1.0.0
      Source file:   Device/Source/ARM/startup_stm32f10x_md.s
      Include file:  RTE_Driver/Config/RTE_Device.h
      Source file:   Device/Source/system_stm32f10x.c
      Source file:   Device/Source/ARM/STM32F1xx_OPT.s

   * Component: Keil::Device:StdPeriph Drivers:Framework:3.6.0
      Source file:   Device/StdPeriph_Driver/src/misc.c
      Include file:  Device/StdPeriph_Driver/inc/misc.h
      Source file:   Device/StdPeriph_Driver/templates/stm32f10x_conf.h
      Include file:  Device/StdPeriph_Driver/templates/stm32f10x_it.h
      Source file:   Device/StdPeriph_Driver/templates/stm32f10x_it.c

   * Component: Keil::Device:StdPeriph Drivers:GPIO:3.6.0
      Source file:   Device/StdPeriph_Driver/src/stm32f10x_gpio.c
      Include file:  Device/StdPeriph_Driver/inc/stm32f10x_gpio.h

   * Component: Keil::Device:StdPeriph Drivers:RCC:3.6.0
      Include file:  Device/StdPeriph_Driver/inc/stm32f10x_rcc.h
      Source file:   Device/StdPeriph_Driver/src/stm32f10x_rcc.c
Build Time Elapsed:  00:00:00
</pre>
</body>
</html>
